[2025-03-28 19:05:38] 开始同步指南文档...
[2025-03-28 19:05:38] 同步目录结构规范...
[2025-03-28 19:05:39] 更新移动端路由规范...
[2025-03-28 19:05:39] 添加脚本规范...
[2025-03-28 19:05:40] 添加移动端专项说明...
[2025-03-28 19:05:41] 添加版本控制强化...
[2025-03-28 19:05:42] 添加文档版本信息...
[2025-03-28 19:05:42] ✅ 同步完成，所有建议已成功应用
[2025-03-28 19:06:44] 开始同步指南文档...
[2025-03-28 19:06:44] 同步目录结构规范...
[2025-03-28 19:06:45] 更新移动端路由规范...
[2025-03-28 19:06:45] 添加脚本规范...
[2025-03-28 19:06:46] 添加移动端专项说明...
[2025-03-28 19:06:47] 添加版本控制强化...
[2025-03-28 19:06:48] 添加文档版本信息...
[2025-03-28 19:06:49] ✅ 同步完成，所有建议已成功应用
[2025-03-28 19:07:53] 开始同步指南文档...
[2025-03-28 19:07:53] 同步目录结构规范...
[2025-03-28 19:07:54] 更新移动端路由规范...
[2025-03-28 19:07:54] 添加脚本规范...
[2025-03-28 19:07:54] 添加移动端专项说明...
[2025-03-28 19:07:54] 将移动端规范插入到文档中...
[2025-03-28 19:07:55] 添加版本控制强化...
[2025-03-28 19:07:55] 将版本控制规范插入到文档中...
[2025-03-28 19:07:55] 添加文档版本信息...
[2025-03-28 19:07:56] ✅ 同步完成，所有建议已成功应用
